[www.ds.com.tn/index.html]
[backblue.gif]
[fade.gif]
[index.html]
[www.ds.com.tn/wp-content/uploads/2018/09/des.png]
[www.ds.com.tn/wp-includes/css/dist/block-library/style.min.css]
[www.ds.com.tn/feed/index.html]
[www.ds.com.tn/comments/feed/index.html]
[www.ds.com.tn/wp-content/themes/astra/assets/fonts/astra.woff]
[www.ds.com.tn/wp-content/uploads/siteground-optimizer-assets/siteground-optimizer-combined-styles-e0a0f1183266ede11aa1c2208b770b8b.min.css]
[www.ds.com.tn/wp-content/plugins/elementor/assets/css/frontend.min.css]
[www.ds.com.tn/wp-content/uploads/elementor/css/post-12.css]
[www.ds.com.tn/wp-content/uploads/elementor/css/post-3114.css]
[www.ds.com.tn/wp-includes/js/jquery/jquery.js]
[www.ds.com.tn/wp-includes/js/jquery/jquery-migrate.min.js]
[www.ds.com.tn/wp-content/plugins/add-to-any/addtoany.min.js]
[www.ds.com.tn/wp-content/plugins/revslider/public/assets/js/jquery.themepunch.tools.min.js]
[www.ds.com.tn/wp-content/plugins/revslider/public/assets/js/jquery.themepunch.revolution.min.js]
[www.ds.com.tn/wp-content/plugins/elementor/assets/lib/font-awesome/js/v4-shims.min.js]
[www.ds.com.tn/xmlrpc0db0.php]
[www.ds.com.tn/wp-json/index.html]
[www.ds.com.tn/wp-includes/wlwmanifest.xml]
[www.ds.com.tn/wp-json/oembed/1.0/embed838c.json]
[www.ds.com.tn/wp-json/oembed/1.0/embedf5f7]
[static.addtoany.com/menu/page.js]
[www.ds.com.tn/wp-content/uploads/2019/03/favicon.png]
[www.ds.com.tn/wp-content/uploads/2019/03/logo2d-1.png]
[www.ds.com.tn/wp-content/plugins/revslider/public/assets/js/jquery.themepunch.tools.min98d4.js]
[www.ds.com.tn/wp-content/plugins/revslider/public/assets/js/jquery.themepunch.revolution.min98d4.js]
[www.ds.com.tn/wp-content/plugins/revslider/admin/assets/images/dummy.png]
[www.ds.com.tn/wp-content/uploads/2018/09/web.png]
[www.ds.com.tn/services/index.html]
[www.ds.com.tn/a-propos/index.html]
[www.ds.com.tn/wp-content/uploads/2018/09/subscribe-man-1.png]
[www.ds.com.tn/wp-content/uploads/2018/09/3.png]
[www.ds.com.tn/wp-content/uploads/2019/03/ecommerce.png]
[www.ds.com.tn/services/creative-design/realisations-graphique/index.html]
[www.ds.com.tn/services/creative-design/index.html]
[www.ds.com.tn/wp-content/plugins/wp-polls/images/loading.gif]
[www.ds.com.tn/wp-content/uploads/2019/01/androidstudio.jpg]
[www.ds.com.tn/services/developement-web/index.html]
[www.ds.com.tn/wp-content/uploads/2019/01/unity-e1550775034142.jpg]
[www.ds.com.tn/realisations-web/index.html]
[www.ds.com.tn/wp-content/uploads/2019/01/3d-e1550774974161.jpg]
[www.ds.com.tn/digital-marketing/index.html]
[www.ds.com.tn/facebook-clients/index.html]
[www.ds.com.tn/wp-content/uploads/2019/01/after-e1550781122919.jpg]
[www.ds.com.tn/studio-3d/index.html]
[www.ds.com.tn/wp-content/uploads/2019/01/nvidia.jpg]
[www.ds.com.tn/blog/index.html]
[www.ds.com.tn/wp-content/uploads/2019/01/photo-e1550781134796.jpg]
[www.ds.com.tn/devis-gratuit/index.html]
[www.ds.com.tn/wp-content/uploads/2019/01/re.jpg]
[www.ds.com.tn/wp-content/uploads/2019/01/vray-e1550781182420.jpg]
[www.ds.com.tn/contact/index.html]
[www.ds.com.tn/wp-content/uploads/2019/01/nuke.jpg]
[www.ds.com.tn/wp-content/uploads/2019/01/pr-e1550781146754.jpg]
[www.ds.com.tn/wp-content/uploads/2019/03/hootsuite-1-200x99.png]
[www.ds.com.tn/wp-content/uploads/2019/03/logo-google-adwords-200x99.png]
[www.ds.com.tn/wp-content/uploads/2019/02/AHK.png]
[www.ds.com.tn/wp-content/uploads/2019/02/bella-vista.png]
[www.ds.com.tn/wp-content/uploads/2019/02/corp.png]
[www.ds.com.tn/wp-content/uploads/2019/02/Cap-Dor.png]
[www.ds.com.tn/wp-content/uploads/2019/02/ihec.png]
[www.ds.com.tn/wp-content/uploads/2019/02/logo-image-in.png]
[www.ds.com.tn/wp-content/uploads/2019/02/logo-arzak.png]
[www.ds.com.tn/wp-content/uploads/2019/02/logo-dewinter.png]
[www.ds.com.tn/wp-content/uploads/2019/02/logo-vco.png]
[www.ds.com.tn/wp-content/uploads/2019/02/mbs.png]
[www.ds.com.tn/wp-content/uploads/2019/02/read.png]
[www.ds.com.tn/wp-content/uploads/2019/02/sogefoire.png]
[www.ds.com.tn/wp-content/uploads/2019/02/ths.png]
[www.ds.com.tn/wp-content/uploads/2019/02/util.png]
[www.ds.com.tn/wp-content/uploads/2019/02/Success-a-business.png]
[www.ds.com.tn/wp-content/plugins/jetwidgets-for-elementor/cherry-framework/modules/cherry-js-core/assets/js/min/cherry-js-core.min.js]
[www.ds.com.tn/wp-content/themes/astra/assets/js/minified/style.min.js]
[www.ds.com.tn/wp-content/uploads/siteground-optimizer-assets/wp-polls.min.js]
[www.ds.com.tn/wp-content/uploads/essential-addons-elementor/eael-post-12.min.js]
[www.ds.com.tn/wp-content/plugins/jetwidgets-for-elementor/cherry-framework/modules/cherry-handler/assets/js/min/cherry-handler.min.js]
[www.ds.com.tn/wp-includes/js/wp-embed.min.js]
[www.ds.com.tn/wp-content/plugins/elementor/assets/lib/slick/slick.min.js]
[www.ds.com.tn/wp-content/plugins/bdthemes-element-pack/assets/js/bdt-uikit.min.js]
[www.ds.com.tn/wp-content/plugins/elementor/assets/js/frontend-modules.min.js]
[www.ds.com.tn/wp-includes/js/jquery/ui/position.min.js]
[www.ds.com.tn/wp-content/plugins/elementor/assets/lib/dialog/dialog.min.js]
[www.ds.com.tn/wp-content/plugins/elementor/assets/lib/waypoints/waypoints.min.js]
[www.ds.com.tn/wp-content/plugins/elementor/assets/lib/swiper/swiper.min.js]
[www.ds.com.tn/wp-content/plugins/elementor/assets/js/frontend.min.js]
[www.ds.com.tn/wp-content/plugins/bdthemes-element-pack/assets/js/element-pack-site.min.js]
[www.ds.com.tn/wp-content/uploads/siteground-optimizer-assets/jet-widgets.min.js]
[www.ds.com.tn/index.html]
[www.ds.com.tn/wp-includes/css/dist/block-library/style.min.css]
[www.ds.com.tn/wp-content/uploads/siteground-optimizer-assets/siteground-optimizer-combined-styles-e0a0f1183266ede11aa1c2208b770b8b.min.css]
[www.ds.com.tn/wp-content/plugins/elementor/assets/css/frontend.min.css]
[www.ds.com.tn/wp-content/uploads/elementor/css/global.css]
[www.ds.com.tn/wp-content/uploads/2018/10/hero-bg-img.jpg]
[www.ds.com.tn/wp-content/uploads/2019/06/adventure2-home-main-bg.png]
[www.ds.com.tn/wp-content/uploads/elementor/css/post-12.css]
[www.ds.com.tn/wp-content/uploads/elementor/css/post-3114.css]
[www.ds.com.tn/wp-includes/js/jquery/jquery.js]
[www.ds.com.tn/wp-includes/js/jquery/jquery-migrate.min.js]
[www.ds.com.tn/wp-content/plugins/add-to-any/addtoany.min.js]
[www.ds.com.tn/wp-content/plugins/revslider/public/assets/js/jquery.themepunch.tools.min.js]
[www.ds.com.tn/wp-content/plugins/revslider/public/assets/js/jquery.themepunch.revolution.min.js]
[www.ds.com.tn/wp-content/plugins/elementor/assets/lib/font-awesome/js/v4-shims.min.js]
[www.ds.com.tn/wp-content/uploads/2018/12/1_b82rUOF15AtdEMqAmzFHeQ-1024x576.jpg]
[www.ds.com.tn/wp-content/uploads/siteground-optimizer-assets/siteground-optimizer-combined-styles-e6609e738603bcc148239c373d98c980.min.css]
[www.ds.com.tn/wp-content/uploads/elementor/css/post-22.css]
[www.ds.com.tn/wp-content/uploads/2018/12/easy-use-icon.png]
[www.ds.com.tn/wp-content/uploads/2018/12/responsive-icon.png]
[www.ds.com.tn/wp-content/uploads/2018/12/marketing-icon.png]
[www.ds.com.tn/wp-content/uploads/2018/12/expertise-icon.png]
[www.ds.com.tn/wp-content/uploads/2019/06/Msadak-Chebl-1.png]
[www.ds.com.tn/wp-content/uploads/2019/06/nawel.png]
[www.ds.com.tn/wp-content/uploads/2019/06/meriem.png]
[www.ds.com.tn/wp-content/uploads/2019/06/marouene.png]
[www.ds.com.tn/wp-content/uploads/2019/06/commercial.png]
[www.ds.com.tn/wp-content/uploads/2019/06/graphic_designer.png]
[www.ds.com.tn/a-propos/index.html]
[www.ds.com.tn/wp-content/uploads/2019/03/girl.png]
[www.ds.com.tn/wp-content/uploads/elementor/css/post-24.css]
[www.ds.com.tn/wp-content/uploads/2019/03/shadow.png]
[www.ds.com.tn/wp-content/uploads/2019/03/ecomer.png]
[www.ds.com.tn/wp-content/uploads/2019/03/emoji.png]
[www.ds.com.tn/wp-content/uploads/2019/03/mkg.png]
[www.ds.com.tn/wp-content/uploads/2019/03/3d.png]
[www.ds.com.tn/wp-content/uploads/2018/12/numero_vert.png]
[www.ds.com.tn/wp-content/uploads/2018/12/call-banner-bg.jpg]
[www.ds.com.tn/wp-content/plugins/bdthemes-element-pack/assets/vendor/js/parallax.min.js]
[www.ds.com.tn/services/index.html]
[www.ds.com.tn/wp-content/uploads/2019/03/mbs.jpg]
[www.ds.com.tn/wp-content/uploads/elementor/css/post-30.css]
[www.ds.com.tn/wp-content/uploads/siteground-optimizer-assets/siteground-optimizer-combined-styles-14031c44386b71126e50da64f595c42c.min.css]
[www.ds.com.tn/wp-json/oembed/1.0/embedfbbc.json]
[www.ds.com.tn/wp-json/oembed/1.0/embed14ec]
[www.ds.com.tn/wp-content/uploads/2019/03/zahra.jpg]
[www.ds.com.tn/wp-content/uploads/2019/03/carte-de-visite.jpg]
[www.ds.com.tn/wp-content/uploads/2019/03/Vacpa.jpg]
[www.ds.com.tn/wp-content/uploads/2019/03/cbf.jpg]
[www.ds.com.tn/wp-content/uploads/2019/03/arzak.jpg]
[www.ds.com.tn/wp-content/uploads/2019/03/ds.jpg]
[www.ds.com.tn/wp-content/uploads/2019/03/sotudev.jpg]
[www.ds.com.tn/wp-content/uploads/2019/03/port-zerzis3.jpg]
[www.ds.com.tn/wp-content/uploads/2019/03/passat.jpg]
[www.ds.com.tn/wp-content/uploads/2019/03/allinone.jpg]
[www.ds.com.tn/wp-content/uploads/2018/12/arp-1.jpg]
[www.ds.com.tn/wp-content/uploads/2018/12/arzak-2.jpg]
[www.ds.com.tn/wp-content/uploads/2018/12/mbs-archi-1.jpg]
[www.ds.com.tn/wp-content/uploads/2018/12/alkoussay-1.jpg]
[www.ds.com.tn/wp-content/uploads/2018/12/cbf-2.jpg]
[www.ds.com.tn/wp-content/uploads/2018/12/ds-immobilier-1.jpg]
[www.ds.com.tn/wp-content/uploads/2018/12/yally-print-1.jpg]
[www.ds.com.tn/wp-content/uploads/2018/12/vitrine-1.jpg]
[www.ds.com.tn/wp-content/uploads/2018/12/wwp-1.jpg]
[www.ds.com.tn/wp-content/uploads/2018/12/speed-pizza-1.jpg]
[www.ds.com.tn/wp-content/uploads/2018/12/sotudev-2.jpg]
[www.ds.com.tn/wp-content/uploads/2018/12/sherrington-1.jpg]
[www.ds.com.tn/wp-content/uploads/2018/12/read-1.jpg]
[www.ds.com.tn/wp-content/uploads/2018/12/promo-sol-1.jpg]
[www.ds.com.tn/wp-content/uploads/2018/12/people-access-1.jpg]
[www.ds.com.tn/wp-content/uploads/2018/12/oxygen-1.jpg]
[www.ds.com.tn/wp-content/uploads/2018/12/nozha-1.jpg]
[www.ds.com.tn/wp-content/uploads/2018/12/ma-1.jpg]
[www.ds.com.tn/wp-content/uploads/2018/12/krypto-1.jpg]
[www.ds.com.tn/wp-content/uploads/2018/12/jardin-1.jpg]
[www.ds.com.tn/wp-content/uploads/2018/12/gester-1.jpg]
[www.ds.com.tn/wp-content/uploads/2018/12/familia-coach-1.jpg]
[www.ds.com.tn/wp-content/uploads/2018/12/familia-1.jpg]
[www.ds.com.tn/wp-content/uploads/2018/12/expolugha-1.jpg]
[www.ds.com.tn/wp-content/uploads/2018/12/duna-1.jpg]
[www.ds.com.tn/wp-content/uploads/2018/12/cap-d-or-1.jpg]
[www.ds.com.tn/wp-content/uploads/2018/12/artisans-1.jpg]
[www.ds.com.tn/wp-content/uploads/2018/12/albadr-1.jpg]
[www.ds.com.tn/wp-content/uploads/2018/12/afrah-yassine-1.jpg]
[www.ds.com.tn/wp-content/uploads/2018/12/acte-1.jpg]
[www.ds.com.tn/wp-content/uploads/2018/12/100-1-e1551639664126.jpg]
[ds.com.tn/wp-content/uploads/2018/12/vacpa.jpg]
[ds.com.tn/wp-content/uploads/2019/03/rse.jpg]
[ds.com.tn/wp-content/uploads/2019/03/irs-pro.jpg]
[ds.com.tn/wp-content/uploads/2018/12/cbf-1.jpg]
[ds.com.tn/wp-content/uploads/2019/03/irs-diplo.jpg]
[ds.com.tn/wp-content/uploads/2019/03/produits.jpg]
[ds.com.tn/wp-content/uploads/2019/03/irs-bpo.jpg]
[ds.com.tn/wp-content/uploads/2019/03/corp.jpg]
[www.ds.com.tn/wp-content/uploads/2018/12/agence-digitale-web-webi-tunisie-services-design-graphique-print-2.png]
[ds.com.tn/wp-content/uploads/2018/12/super.jpg]
[ds.com.tn/wp-content/uploads/2018/12/ed.jpg]
[ds.com.tn/wp-content/uploads/2018/12/robert.jpg]
[ds.com.tn/wp-content/uploads/2018/12/Facebook_Cover_bellavista.jpg]
[ds.com.tn/wp-content/uploads/2018/12/d1.jpg]
[ds.com.tn/wp-content/uploads/2018/12/eduaca.jpg]
[ds.com.tn/wp-content/uploads/2018/12/d4.jpg]
[ds.com.tn/wp-content/uploads/2018/12/crypto.jpg]
[ds.com.tn/wp-content/uploads/2018/12/bela-veta.jpg]
[ds.com.tn/wp-content/uploads/2018/12/artisans-2.jpg]
[ds.com.tn/wp-content/uploads/2019/03/sheerington_banner.jpg]
[ds.com.tn/wp-content/uploads/2019/03/nelz.jpg]
[ds.com.tn/wp-content/uploads/2019/03/mehdi.jpg]
[ds.com.tn/wp-content/uploads/2019/03/mc_cafe.jpg]
[ds.com.tn/wp-content/uploads/2019/03/sherrington_mall.jpg]
[ds.com.tn/wp-content/uploads/2019/03/labo.jpg]
[ds.com.tn/wp-content/uploads/2019/03/centre_sport.jpg]
[ds.com.tn/wp-content/uploads/2019/03/all.jpg]
[ds.com.tn/wp-content/uploads/2019/03/siwar_3d.jpg]
[www.ds.com.tn/wp-content/uploads/essential-addons-elementor/eael-post-30.min.js]
[www.ds.com.tn/services/creative-design/index.html]
[www.ds.com.tn/wp-content/uploads/2019/02/lm3-5.jpg]
[www.ds.com.tn/wp-content/uploads/elementor/css/post-570.css]
[www.ds.com.tn/wp-content/uploads/2019/02/lm3-8.jpg]
[www.ds.com.tn/wp-content/uploads/2019/02/lm3-7.jpg]
[www.ds.com.tn/wp-content/uploads/2019/02/lm3-6.jpg]
[www.ds.com.tn/wp-content/uploads/2019/02/image-3-compressed.jpg]
[www.ds.com.tn/wp-content/uploads/2019/02/lm3-3.jpg]
[www.ds.com.tn/wp-content/uploads/2019/02/image-2-compressed.jpg]
[www.ds.com.tn/wp-content/uploads/2019/02/lm3-2.jpg]
[www.ds.com.tn/wp-content/uploads/2019/02/lm3-9.jpg]
[www.ds.com.tn/wp-content/uploads/2019/02/image-4-compressed.jpg]
[ds.com.tn/wp-content/uploads/2019/02/paipterie2-13.jpg]
[ds.com.tn/wp-content/uploads/2019/02/paipterie2-12.jpg]
[ds.com.tn/wp-content/uploads/2019/02/paipterie2-8.jpg]
[ds.com.tn/wp-content/uploads/2019/02/paipterie2-9.jpg]
[ds.com.tn/wp-content/uploads/2019/02/paipterie2-11.jpg]
[ds.com.tn/wp-content/uploads/2019/02/digitalpaiperterie-3.jpg]
[ds.com.tn/wp-content/uploads/2019/02/paipterie2-5-1.jpg]
[ds.com.tn/wp-content/uploads/2019/02/paipterie2-6.jpg]
[ds.com.tn/wp-content/uploads/2019/02/paipterie2-4.jpg]
[ds.com.tn/wp-content/uploads/2019/02/digitalpaiperterie-15.jpg]
[ds.com.tn/wp-content/uploads/2019/02/paipterie2-2.jpg]
[ds.com.tn/wp-content/uploads/2019/02/digitalpaiperterie-1.jpg]
[ds.com.tn/wp-content/uploads/2019/02/digital_-shooting_produits-30.jpg]
[ds.com.tn/wp-content/uploads/2019/02/digital_-shooting_produits-29.jpg]
[ds.com.tn/wp-content/uploads/2019/02/digital_-shooting_produits-8.jpg]
[ds.com.tn/wp-content/uploads/2019/02/digital_-shooting_produits-28.jpg]
[ds.com.tn/wp-content/uploads/2019/02/digital_-shooting_produits-27.jpg]
[ds.com.tn/wp-content/uploads/2019/02/digital_-shooting_produits-26.jpg]
[ds.com.tn/wp-content/uploads/2019/02/digital_-shooting_produits-25.jpg]
[ds.com.tn/wp-content/uploads/2019/02/digital_-shooting_produits-24.jpg]
[ds.com.tn/wp-content/uploads/2019/02/digital_-shooting_produits-23.jpg]
[ds.com.tn/wp-content/uploads/2019/02/digital_-shooting_produits-22.jpg]
[ds.com.tn/wp-content/uploads/2019/02/digital_-shooting_produits-21.jpg]
[ds.com.tn/wp-content/uploads/2019/02/digital_-shooting_produits-20.jpg]
[ds.com.tn/wp-content/uploads/2019/02/digital_-shooting_produits-19.jpg]
[ds.com.tn/wp-content/uploads/2019/02/digital_-shooting_produits-18.jpg]
[ds.com.tn/wp-content/uploads/2019/02/digital_-shooting_produits-17.jpg]
[ds.com.tn/wp-content/uploads/2019/02/digital_-shooting_produits-15.jpg]
[ds.com.tn/wp-content/uploads/2019/02/digital_-shooting_produits-13.jpg]
[ds.com.tn/wp-content/uploads/2019/02/digital_-shooting_produits-12.jpg]
[ds.com.tn/wp-content/uploads/2019/02/digital_-shooting_produits-11.jpg]
[ds.com.tn/wp-content/uploads/2019/02/digital_-shooting_produits-10.jpg]
[ds.com.tn/wp-content/uploads/2019/02/digital_-shooting_produits-7.jpg]
[ds.com.tn/wp-content/uploads/2019/02/digital_-shooting_produits-5.jpg]
[ds.com.tn/wp-content/uploads/2019/02/digital_-shooting_produits-4.jpg]
[ds.com.tn/wp-content/uploads/2019/02/digital_-shooting_produits-2.jpg]
[www.ds.com.tn/wp-includes/js/imagesloaded.min.js]
[www.ds.com.tn/wp-content/plugins/jetwidgets-for-elementor/assets/js/lib/salvattore/salvattore.min.js]
[www.ds.com.tn/services/creative-design/realisations-graphique/index.html]
[www.ds.com.tn/wp-content/uploads/2019/03/hero3.png]
[www.ds.com.tn/wp-content/uploads/siteground-optimizer-assets/siteground-optimizer-combined-styles-a22ad3e07f958c5f9ed6a793aae1be94.min.css]
[www.ds.com.tn/wp-content/uploads/elementor/css/post-32.css]
[www.ds.com.tn/wp-content/uploads/2019/03/1.png]
[www.ds.com.tn/wp-content/uploads/2018/12/icon-G_S.1.png]
[www.ds.com.tn/wp-content/uploads/2019/03/3-1.png]
[www.ds.com.tn/wp-content/uploads/2018/12/icon-G_S.4.png]
[www.ds.com.tn/wp-content/uploads/2019/02/ggleadwords.svg]
[ds.com.tn/wp-content/uploads/2019/03/SSL-Secure-Connection.png]
[ds.com.tn/wp-content/uploads/2019/01/Responsive-showcase-presentation-min-300x150.png]
[ds.com.tn/wp-content/uploads/2019/03/14235537_1574605589512745_1781783171_n.png]
[ds.com.tn/wp-content/uploads/2019/03/firecircle-icon-digital-marketing-service-large-white-1.png]
[www.ds.com.tn/wp-content/uploads/2019/01/emailhosting.png]
[www.ds.com.tn/wp-content/uploads/2019/02/audit.png]
[www.ds.com.tn/wp-content/uploads/essential-addons-elementor/eael-post-32.min.js]
[www.ds.com.tn/wp-content/plugins/bdthemes-element-pack/assets/vendor/js/morphext.min.js]
[www.ds.com.tn/wp-content/plugins/bdthemes-element-pack/assets/vendor/js/typed.min.js]
[www.ds.com.tn/services/developement-web/index.html]
[www.ds.com.tn/wp-content/uploads/2019/03/hebergement-site.png]
[www.ds.com.tn/wp-content/uploads/elementor/css/post-38.css]
[www.ds.com.tn/wp-json/oembed/1.0/embed3208.json]
[www.ds.com.tn/wp-json/oembed/1.0/embede738]
[www.ds.com.tn/wp-content/uploads/2019/06/vitrine.jpg]
[www.ds.com.tn/wp-content/uploads/2019/06/Premium-1.jpg]
[www.ds.com.tn/wp-content/uploads/2019/06/ecommerce-1.jpg]
[www.ds.com.tn/wp-content/uploads/2019/02/reliefemoji.png]
[www.ds.com.tn/wp-content/plugins/bdthemes-element-pack/assets/vendor/js/popper.min.js]
[www.ds.com.tn/wp-content/plugins/bdthemes-element-pack/assets/vendor/js/tippy.all.min.js]
[www.ds.com.tn/realisations-web/index.html]
[www.ds.com.tn/wp-content/uploads/2019/02/woman-instagram.jpg]
[www.ds.com.tn/wp-content/uploads/elementor/css/post-34.css]
[www.ds.com.tn/wp-content/uploads/2019/02/facebook.png]
[www.ds.com.tn/wp-content/uploads/2019/02/twitter.png]
[www.ds.com.tn/wp-content/uploads/2019/02/instagram.png]
[www.ds.com.tn/wp-content/uploads/2019/02/linkedIn.png]
[www.ds.com.tn/wp-content/uploads/2019/02/youtube.png]
[www.ds.com.tn/wp-content/uploads/2019/01/mac-air.png]
[www.ds.com.tn/wp-content/uploads/2019/01/youtube-display-advertising-770x384.png]
[www.ds.com.tn/wp-content/uploads/2019/01/O6C4HR1-645x1024.png]
[www.ds.com.tn/wp-content/uploads/2019/01/1.png]
[www.ds.com.tn/wp-content/uploads/2019/01/2.png]
[www.ds.com.tn/wp-content/uploads/2019/01/3.png]
[www.ds.com.tn/wp-content/uploads/2019/01/4.png]
[www.ds.com.tn/wp-content/uploads/2019/01/conseils-1.png]
[www.ds.com.tn/wp-content/uploads/2019/01/5.png]
[www.ds.com.tn/wp-content/uploads/2019/01/6.png]
[www.ds.com.tn/wp-content/uploads/2019/01/7.png]
[www.ds.com.tn/digital-marketing/index.html]
[www.ds.com.tn/wp-content/uploads/2019/02/39941184_244465196209899_4974236156481765376_n-1024x682.jpg]
[www.ds.com.tn/wp-content/uploads/elementor/css/post-658.css]
[www.ds.com.tn/facebook-clients/index.html]
[www.ds.com.tn/wp-content/uploads/2019/02/roborecall_-virtual_reality.jpg]
[www.ds.com.tn/wp-content/uploads/elementor/css/post-36.css]
[www.ds.com.tn/wp-content/uploads/2019/02/cycleband_stand.jpg]
[www.ds.com.tn/wp-content/uploads/2019/02/brisach_stand.jpg]
[www.ds.com.tn/wp-content/uploads/2019/02/burgerking_stand.jpg]
[www.ds.com.tn/wp-content/uploads/2019/02/kram_salon.jpg]
[www.ds.com.tn/wp-content/uploads/2019/02/century21_france.jpg]
[www.ds.com.tn/wp-content/uploads/2019/02/musee_stand-1.jpg]
[www.ds.com.tn/wp-content/uploads/2019/02/cuisenella.jpg]
[www.ds.com.tn/wp-content/uploads/2019/02/darty.jpg]
[www.ds.com.tn/wp-content/uploads/2019/02/health_hall.jpg]
[www.ds.com.tn/wp-content/uploads/2019/02/sahel_stand.jpg]
[www.ds.com.tn/wp-content/uploads/2019/02/sport_stand.jpg]
[www.ds.com.tn/wp-content/uploads/2019/02/sporthall.jpg]
[www.ds.com.tn/wp-content/uploads/2019/02/music-1.jpg]
[www.ds.com.tn/wp-content/uploads/2019/02/stand-1.jpg]
[www.ds.com.tn/studio-3d/index.html]
[www.ds.com.tn/wp-content/uploads/elementor/css/post-53.css]
[www.ds.com.tn/wp-content/uploads/2019/03/digital-marketing-b2b-700x350.jpg]
[www.ds.com.tn/wp-content/uploads/2019/03/Digital-Marketing-Tunisie-750x300.png]
[www.ds.com.tn/wp-content/uploads/2019/06/seo_digital_solutions.jpg]
[pagead2.googlesyndication.com/pagead/js/f.txt]
[www.ds.com.tn/wp-content/plugins/wpforms-lite/assets/css/wpforms-full.css]
[www.ds.com.tn/wp-content/plugins/wpforms-lite/assets/js/jquery.validate.min.js]
[www.ds.com.tn/wp-content/plugins/wpforms-lite/assets/js/mailcheck.min.js]
[www.ds.com.tn/wp-content/uploads/siteground-optimizer-assets/wpforms.min.js]
[www.ds.com.tn/blog/index.html]
[www.ds.com.tn/wp-content/uploads/2019/01/Demandez-un-devis-bouton-rouge-1024x483.jpg]
[www.ds.com.tn/wp-content/uploads/elementor/css/post-26.css]
[www.ds.com.tn/devis-gratuit/index.html]
[www.ds.com.tn/wp-content/uploads/elementor/css/post-28.css]
[www.ds.com.tn/contact/index.html]
[www.ds.com.tn/wp-content/plugins/revslider/public/assets/js/jquery.themepunch.tools.min98d4.js]
[www.ds.com.tn/wp-content/plugins/revslider/public/assets/js/jquery.themepunch.revolution.min98d4.js]
[www.ds.com.tn/developpement-web/index.html]
[www.ds.com.tn/wp-content/uploads/2019/02/boudjebel.png]
[www.ds.com.tn/astra-google-fonts.html]
[www.ds.com.tn/astra-menu-animation.html]
[www.ds.com.tn/element-pack-site.html]
[www.ds.com.tn/wp-block-library.html]
[www.ds.com.tn/rs-plugin-settings.html]
[www.ds.com.tn/siteground-optimizer-combined-styles-header.html]
[www.ds.com.tn/wp-polls.html]
[www.ds.com.tn/wpforms-full.html]
[www.ds.com.tn/font-awesome-5-all.html]
[www.ds.com.tn/font-awesome-4-shim.html]
[www.ds.com.tn/eael-front-end.html]
[www.ds.com.tn/hfe-style.html]
[www.ds.com.tn/elementor-icons.html]
[www.ds.com.tn/elementor-animations.html]
[www.ds.com.tn/elementor-frontend.html]
[www.ds.com.tn/font-awesome.html]
[www.ds.com.tn/elementor-global.html]
[www.ds.com.tn/elementor-post-12.html]
[www.ds.com.tn/elementor-post-3114.html]
[www.ds.com.tn/cherry-handler-css.html]
[www.ds.com.tn/jet-widgets.html]
[www.ds.com.tn/jet-widgets-skin.html]
[www.ds.com.tn/jet-juxtapose-css.html]
[www.ds.com.tn/addtoany.html]
[www.ds.com.tn/astra-flexibility.html]
[www.ds.com.tn/astra-theme-js.html]
[www.ds.com.tn/addtoany-2.html]
[www.ds.com.tn/jquery.html]
[www.ds.com.tn/tp-tools.html]
[www.ds.com.tn/revmin.html]
[www.ds.com.tn/wp-polls-2.html]
[www.ds.com.tn/font-awesome-4-shim-2.html]
[www.ds.com.tn/eael-front-end-2.html]
[www.ds.com.tn/wp-content/plugins/jetwidgets-for-elementor/cherry-framework/modules/cherry-js-core/assets/js/min/cherry-js-core.min.js]
[www.ds.com.tn/wp-content/themes/astra/assets/js/minified/style.min.js]
[www.ds.com.tn/wp-content/uploads/siteground-optimizer-assets/wp-polls.min.js]
[www.ds.com.tn/wp-content/uploads/essential-addons-elementor/eael-post-12.min.js]
[www.ds.com.tn/wp-content/plugins/jetwidgets-for-elementor/cherry-framework/modules/cherry-handler/assets/js/min/cherry-handler.min.js]
[www.ds.com.tn/wp-includes/js/wp-embed.min.js]
[www.ds.com.tn/wp-content/plugins/elementor/assets/lib/slick/slick.min.js]
[www.ds.com.tn/wp-content/plugins/bdthemes-element-pack/assets/js/bdt-uikit.min.js]
[www.ds.com.tn/wp-content/plugins/elementor/assets/js/frontend-modules.min.js]
[www.ds.com.tn/wp-includes/js/jquery/ui/position.min.js]
[www.ds.com.tn/wp-content/plugins/elementor/assets/lib/dialog/dialog.min.js]
[www.ds.com.tn/wp-content/plugins/elementor/assets/lib/waypoints/waypoints.min.js]
[www.ds.com.tn/wp-content/uploads/2019/02/cafe-mc.png]
[www.ds.com.tn/wp-content/uploads/2019/02/Giz.png]
[www.ds.com.tn/wp-content/uploads/2019/02/cbf.png]
[www.ds.com.tn/wp-content/plugins/elementor/assets/lib/swiper/swiper.min.js]
[www.ds.com.tn/wp-content/plugins/elementor/assets/js/frontend.min.js]
[connect.facebook.net/en_US/sdk.js]
[www.ds.com.tn/wp-content/plugins/bdthemes-element-pack/assets/js/element-pack-site.min.js]
[www.ds.com.tn/wp-content/uploads/siteground-optimizer-assets/jet-widgets.min.js]
[www.ds.com.tn/wp-content/plugins/bdthemes-element-pack/images/backgrounds/divider-icon.html]
[www.ds.com.tn/TweenLite.html]
[www.ds.com.tn/Version/index.html]
[www.ds.com.tn/themepunch.revolution.min.html]
[www.ds.com.tn/jquery.themepunch.revolution.min.html]
[www.ds.com.tn/jquery.themepunch.revolution.html]
[www.ds.com.tn/images/transparent.html]
[www.ds.com.tn/Trident/index.html]
[www.ds.com.tn/wp-content/uploads/siteground-optimizer-assets/siteground-optimizer-combined-styles-e6609e738603bcc148239c373d98c980.min.css]
[ds.com.tn/wp-content/uploads/2018/12/Background-New-compressed.jpg]
[ds.com.tn/wp-content/uploads/2018/10/main-banner-banner2.jpg]
[www.ds.com.tn/wp-content/uploads/elementor/css/post-22.css]
[www.ds.com.tn/index0345.html]
[www.ds.com.tn/wp-json/oembed/1.0/embed025f.html]
[www.ds.com.tn/wp-json/oembed/1.0/embedb40f.html]
[www.ds.com.tn/a-propos/astra-google-fonts.html]
[www.ds.com.tn/a-propos/astra-menu-animation.html]
[www.ds.com.tn/a-propos/element-pack-site.html]
[www.ds.com.tn/a-propos/wp-block-library.html]
[www.ds.com.tn/a-propos/rs-plugin-settings.html]
[www.ds.com.tn/a-propos/siteground-optimizer-combined-styles-header.html]
[www.ds.com.tn/a-propos/wp-polls.html]
[www.ds.com.tn/a-propos/wpforms-full.html]
[www.ds.com.tn/a-propos/font-awesome-5-all.html]
[www.ds.com.tn/a-propos/font-awesome-4-shim.html]
[www.ds.com.tn/a-propos/hfe-style.html]
[www.ds.com.tn/a-propos/elementor-icons.html]
[www.ds.com.tn/a-propos/elementor-animations.html]
[www.ds.com.tn/a-propos/elementor-frontend.html]
[www.ds.com.tn/a-propos/font-awesome.html]
[www.ds.com.tn/a-propos/elementor-global.html]
[www.ds.com.tn/a-propos/elementor-post-22.html]
[www.ds.com.tn/a-propos/elementor-post-3114.html]
[www.ds.com.tn/a-propos/cherry-handler-css.html]
[www.ds.com.tn/a-propos/jet-widgets.html]
[www.ds.com.tn/a-propos/jet-widgets-skin.html]
[www.ds.com.tn/a-propos/jet-juxtapose-css.html]
[www.ds.com.tn/a-propos/astra-flexibility.html]
[www.ds.com.tn/a-propos/astra-theme-js.html]
[www.ds.com.tn/a-propos/addtoany.html]
[www.ds.com.tn/a-propos/jquery.html]
[www.ds.com.tn/a-propos/tp-tools.html]
[www.ds.com.tn/a-propos/revmin.html]
[www.ds.com.tn/a-propos/wp-polls-2.html]
[www.ds.com.tn/a-propos/font-awesome-4-shim-2.html]
[www.ds.com.tn/wp-content/uploads/2019/06/pricing-faq-bg.png]
[ds.com.tn/wp-content/uploads/2019/03/sunrise.jpg]
[www.ds.com.tn/wp-content/uploads/elementor/css/post-24.css]
[www.ds.com.tn/index2cf9.html]
[www.ds.com.tn/wp-json/oembed/1.0/embedcaf6.html]
[www.ds.com.tn/services/astra-google-fonts.html]
[www.ds.com.tn/services/astra-menu-animation.html]
[www.ds.com.tn/services/element-pack-site.html]
[www.ds.com.tn/services/wp-block-library.html]
[www.ds.com.tn/services/rs-plugin-settings.html]
[www.ds.com.tn/services/siteground-optimizer-combined-styles-header.html]
[www.ds.com.tn/services/wp-polls.html]
[www.ds.com.tn/services/wpforms-full.html]
[www.ds.com.tn/services/font-awesome-5-all.html]
[www.ds.com.tn/services/font-awesome-4-shim.html]
[www.ds.com.tn/services/hfe-style.html]
[www.ds.com.tn/services/elementor-icons.html]
[www.ds.com.tn/services/elementor-animations.html]
[www.ds.com.tn/services/elementor-frontend.html]
[www.ds.com.tn/services/font-awesome.html]
[www.ds.com.tn/services/elementor-global.html]
[www.ds.com.tn/services/elementor-post-24.html]
[www.ds.com.tn/services/elementor-post-3114.html]
[www.ds.com.tn/services/cherry-handler-css.html]
[www.ds.com.tn/services/jet-widgets.html]
[www.ds.com.tn/services/jet-widgets-skin.html]
[www.ds.com.tn/services/jet-juxtapose-css.html]
[www.ds.com.tn/services/addtoany.html]
[www.ds.com.tn/services/astra-flexibility.html]
[www.ds.com.tn/services/astra-theme-js.html]
[www.ds.com.tn/services/addtoany-2.html]
[www.ds.com.tn/services/jquery.html]
[www.ds.com.tn/services/tp-tools.html]
[www.ds.com.tn/services/revmin.html]
[www.ds.com.tn/services/wp-polls-2.html]
[www.ds.com.tn/services/font-awesome-4-shim-2.html]
[www.ds.com.tn/wp-content/plugins/bdthemes-element-pack/assets/vendor/js/parallax.min.js]
[www.ds.com.tn/wp-content/uploads/siteground-optimizer-assets/siteground-optimizer-combined-styles-14031c44386b71126e50da64f595c42c.min.css]
[www.ds.com.tn/wp-json/oembed/1.0/embed7932]
[www.ds.com.tn/wp-content/uploads/2019/03/identite2.jpg]
[www.ds.com.tn/wp-content/uploads/2019/03/page-header.jpg]
[ds.com.tn/wp-content/uploads/2019/01/parallax-4-home-main.jpg]
[www.ds.com.tn/wp-content/uploads/elementor/css/post-30.css]
[www.ds.com.tn/index5643.html]
[ds.com.tn/wp-content/uploads/2018/12/d2.jpg]
[www.ds.com.tn/services/creative-design/astra-google-fonts.html]
[www.ds.com.tn/services/creative-design/astra-menu-animation.html]
[www.ds.com.tn/services/creative-design/element-pack-site.html]
[www.ds.com.tn/services/creative-design/wp-block-library.html]
[www.ds.com.tn/services/creative-design/rs-plugin-settings.html]
[www.ds.com.tn/services/creative-design/siteground-optimizer-combined-styles-header.html]
[www.ds.com.tn/services/creative-design/wp-polls.html]
[www.ds.com.tn/services/creative-design/wpforms-full.html]
[www.ds.com.tn/services/creative-design/font-awesome-5-all.html]
[www.ds.com.tn/services/creative-design/font-awesome-4-shim.html]
[www.ds.com.tn/services/creative-design/eael-front-end.html]
[www.ds.com.tn/services/creative-design/hfe-style.html]
[www.ds.com.tn/services/creative-design/elementor-icons.html]
[www.ds.com.tn/services/creative-design/elementor-animations.html]
[www.ds.com.tn/services/creative-design/elementor-frontend.html]
[www.ds.com.tn/services/creative-design/font-awesome.html]
[www.ds.com.tn/services/creative-design/elementor-global.html]
[www.ds.com.tn/services/creative-design/elementor-post-30.html]
[www.ds.com.tn/services/creative-design/elementor-post-3114.html]
[www.ds.com.tn/services/creative-design/cherry-handler-css.html]
[www.ds.com.tn/services/creative-design/jet-widgets.html]
[www.ds.com.tn/services/creative-design/jet-widgets-skin.html]
[www.ds.com.tn/services/creative-design/jet-juxtapose-css.html]
[www.ds.com.tn/services/creative-design/addtoany.html]
[www.ds.com.tn/services/creative-design/astra-flexibility.html]
[www.ds.com.tn/services/creative-design/astra-theme-js.html]
[www.ds.com.tn/services/creative-design/addtoany-2.html]
[www.ds.com.tn/services/creative-design/jquery.html]
[www.ds.com.tn/services/creative-design/tp-tools.html]
[www.ds.com.tn/services/creative-design/revmin.html]
[www.ds.com.tn/services/creative-design/wp-polls-2.html]
[www.ds.com.tn/services/creative-design/font-awesome-4-shim-2.html]
[www.ds.com.tn/services/creative-design/eael-front-end-2.html]
[ds.com.tn/wp-content/uploads/2018/12/sherrington-banner.jpg]
[www.ds.com.tn/wp-content/uploads/essential-addons-elementor/eael-post-30.min.js]
[www.ds.com.tn/wp-content/uploads/2018/12/agence-digitale-web-webi-tunisie-services-design-graphique-print-3.png]
[www.ds.com.tn/wp-content/uploads/2018/12/agence-digitale-web-webi-tunisie-services-design-graphique-print-4.png]
[www.ds.com.tn/wp-content/uploads/2019/03/banner-ds.jpg]
[www.ds.com.tn/wp-content/uploads/elementor/css/post-570.css]
[www.ds.com.tn/indexfa8d.html]
[www.ds.com.tn/wp-json/oembed/1.0/embed044a.html]
[www.ds.com.tn/wp-json/oembed/1.0/embed89fb.html]
[www.ds.com.tn/services/creative-design/realisations-graphique/astra-google-fonts.html]
[www.ds.com.tn/services/creative-design/realisations-graphique/astra-menu-animation.html]
[www.ds.com.tn/services/creative-design/realisations-graphique/element-pack-site.html]
[www.ds.com.tn/services/creative-design/realisations-graphique/wp-block-library.html]
[www.ds.com.tn/services/creative-design/realisations-graphique/rs-plugin-settings.html]
[www.ds.com.tn/services/creative-design/realisations-graphique/siteground-optimizer-combined-styles-header.html]
[www.ds.com.tn/services/creative-design/realisations-graphique/wp-polls.html]
[www.ds.com.tn/services/creative-design/realisations-graphique/wpforms-full.html]
[www.ds.com.tn/services/creative-design/realisations-graphique/font-awesome-5-all.html]
[www.ds.com.tn/services/creative-design/realisations-graphique/font-awesome-4-shim.html]
[www.ds.com.tn/services/creative-design/realisations-graphique/hfe-style.html]
[www.ds.com.tn/services/creative-design/realisations-graphique/elementor-icons.html]
[www.ds.com.tn/services/creative-design/realisations-graphique/elementor-animations.html]
[www.ds.com.tn/services/creative-design/realisations-graphique/elementor-frontend.html]
[www.ds.com.tn/services/creative-design/realisations-graphique/font-awesome.html]
[www.ds.com.tn/services/creative-design/realisations-graphique/elementor-global.html]
[www.ds.com.tn/services/creative-design/realisations-graphique/elementor-post-570.html]
[www.ds.com.tn/services/creative-design/realisations-graphique/elementor-post-3114.html]
[www.ds.com.tn/services/creative-design/realisations-graphique/cherry-handler-css.html]
[www.ds.com.tn/services/creative-design/realisations-graphique/jet-widgets.html]
[www.ds.com.tn/services/creative-design/realisations-graphique/jet-widgets-skin.html]
[www.ds.com.tn/services/creative-design/realisations-graphique/jet-juxtapose-css.html]
[www.ds.com.tn/services/creative-design/realisations-graphique/addtoany.html]
[www.ds.com.tn/services/creative-design/realisations-graphique/astra-flexibility.html]
[www.ds.com.tn/services/creative-design/realisations-graphique/astra-theme-js.html]
[www.ds.com.tn/services/creative-design/realisations-graphique/addtoany-2.html]
[www.ds.com.tn/services/creative-design/realisations-graphique/jquery.html]
[www.ds.com.tn/services/creative-design/realisations-graphique/tp-tools.html]
[www.ds.com.tn/services/creative-design/realisations-graphique/revmin.html]
[www.ds.com.tn/services/creative-design/realisations-graphique/wp-polls-2.html]
[www.ds.com.tn/services/creative-design/realisations-graphique/font-awesome-4-shim-2.html]
[www.ds.com.tn/wp-includes/js/imagesloaded.min.js]
[www.ds.com.tn/wp-content/plugins/jetwidgets-for-elementor/assets/js/lib/salvattore/salvattore.min.js]
[www.ds.com.tn/wp-content/uploads/siteground-optimizer-assets/siteground-optimizer-combined-styles-a22ad3e07f958c5f9ed6a793aae1be94.min.css]
[ds.com.tn/wp-content/uploads/2019/03/parallax3.png]
[ds.com.tn/wp-content/uploads/2019/03/bg0.png]
[ds.com.tn/wp-content/uploads/2019/03/slider-mobile.jpg]
[ds.com.tn/wp-content/uploads/2019/03/bg-montagne.jpg]
[www.ds.com.tn/wp-content/uploads/elementor/css/post-32.css]
[www.ds.com.tn/index6c46.html]
[www.ds.com.tn/wp-json/oembed/1.0/embedf783.html]
[www.ds.com.tn/wp-json/oembed/1.0/embed3ac0.html]
[www.ds.com.tn/wp-content/uploads/2019/02/ggleadwords.svg]
[www.ds.com.tn/services/developement-web/astra-google-fonts.html]
[www.ds.com.tn/services/developement-web/astra-menu-animation.html]
[www.ds.com.tn/services/developement-web/element-pack-site.html]
[www.ds.com.tn/services/developement-web/wp-block-library.html]
[www.ds.com.tn/services/developement-web/rs-plugin-settings.html]
[www.ds.com.tn/services/developement-web/siteground-optimizer-combined-styles-header.html]
[www.ds.com.tn/services/developement-web/wp-polls.html]
[www.ds.com.tn/services/developement-web/wpforms-full.html]
[www.ds.com.tn/services/developement-web/font-awesome-5-all.html]
[www.ds.com.tn/services/developement-web/font-awesome-4-shim.html]
[www.ds.com.tn/services/developement-web/eael-front-end.html]
[www.ds.com.tn/services/developement-web/hfe-style.html]
[www.ds.com.tn/services/developement-web/elementor-icons.html]
[www.ds.com.tn/services/developement-web/elementor-animations.html]
[www.ds.com.tn/services/developement-web/elementor-frontend.html]
[www.ds.com.tn/services/developement-web/font-awesome.html]
[www.ds.com.tn/services/developement-web/elementor-global.html]
[www.ds.com.tn/services/developement-web/elementor-post-32.html]
[www.ds.com.tn/services/developement-web/elementor-post-3114.html]
[www.ds.com.tn/services/developement-web/cherry-handler-css.html]
[www.ds.com.tn/services/developement-web/jet-widgets.html]
[www.ds.com.tn/services/developement-web/jet-widgets-skin.html]
[www.ds.com.tn/services/developement-web/jet-juxtapose-css.html]
[www.ds.com.tn/services/developement-web/astra-theme-js.html]
[www.ds.com.tn/services/developement-web/addtoany.html]
[www.ds.com.tn/services/developement-web/jquery.html]
[www.ds.com.tn/services/developement-web/tp-tools.html]
[www.ds.com.tn/services/developement-web/revmin.html]
[www.ds.com.tn/services/developement-web/wp-polls-2.html]
[www.ds.com.tn/services/developement-web/font-awesome-4-shim-2.html]
[www.ds.com.tn/services/developement-web/eael-front-end-2.html]
[www.ds.com.tn/wp-content/uploads/essential-addons-elementor/eael-post-32.min.js]
[www.ds.com.tn/wp-content/plugins/bdthemes-element-pack/assets/vendor/js/morphext.min.js]
[www.ds.com.tn/wp-content/plugins/bdthemes-element-pack/assets/vendor/js/typed.min.js]
[www.ds.com.tn/wp-content/uploads/elementor/css/post-38.css]
[www.ds.com.tn/indexb93f.html]
[www.ds.com.tn/realisations-web/astra-google-fonts.html]
[www.ds.com.tn/realisations-web/astra-menu-animation.html]
[www.ds.com.tn/realisations-web/element-pack-site.html]
[www.ds.com.tn/realisations-web/wp-block-library.html]
[www.ds.com.tn/realisations-web/rs-plugin-settings.html]
[www.ds.com.tn/realisations-web/siteground-optimizer-combined-styles-header.html]
[www.ds.com.tn/realisations-web/wp-polls.html]
[www.ds.com.tn/realisations-web/wpforms-full.html]
[www.ds.com.tn/realisations-web/font-awesome-5-all.html]
[www.ds.com.tn/realisations-web/font-awesome-4-shim.html]
[www.ds.com.tn/realisations-web/hfe-style.html]
[www.ds.com.tn/realisations-web/elementor-icons.html]
[www.ds.com.tn/realisations-web/elementor-animations.html]
[www.ds.com.tn/realisations-web/elementor-frontend.html]
[www.ds.com.tn/realisations-web/font-awesome.html]
[www.ds.com.tn/realisations-web/elementor-global.html]
[www.ds.com.tn/realisations-web/elementor-post-38.html]
[www.ds.com.tn/realisations-web/elementor-post-3114.html]
[www.ds.com.tn/realisations-web/cherry-handler-css.html]
[www.ds.com.tn/realisations-web/jet-widgets.html]
[www.ds.com.tn/realisations-web/jet-widgets-skin.html]
[www.ds.com.tn/realisations-web/jet-juxtapose-css.html]
[www.ds.com.tn/realisations-web/addtoany.html]
[www.ds.com.tn/realisations-web/astra-flexibility.html]
[www.ds.com.tn/realisations-web/astra-theme-js.html]
[www.ds.com.tn/realisations-web/addtoany-2.html]
[www.ds.com.tn/realisations-web/jquery.html]
[www.ds.com.tn/realisations-web/tp-tools.html]
[www.ds.com.tn/realisations-web/revmin.html]
[www.ds.com.tn/realisations-web/wp-polls-2.html]
[www.ds.com.tn/realisations-web/font-awesome-4-shim-2.html]
[www.ds.com.tn/wp-content/plugins/bdthemes-element-pack/assets/vendor/js/popper.min.js]
[www.ds.com.tn/wp-content/plugins/bdthemes-element-pack/assets/vendor/js/tippy.all.min.js]
[ds.com.tn/wp-content/uploads/2019/02/f_icon.png]
[www.ds.com.tn/wp-content/uploads/2019/03/emojis-facebook-bg.jpg]
[www.ds.com.tn/wp-content/uploads/elementor/css/post-34.css]
[www.ds.com.tn/index1e7e.html]
[www.ds.com.tn/wp-json/oembed/1.0/embed467b.html]
[www.ds.com.tn/wp-json/oembed/1.0/embed68a1.html]
[www.ds.com.tn/digital-marketing/wp-block-library.html]
[www.ds.com.tn/digital-marketing/rs-plugin-settings.html]
[www.ds.com.tn/digital-marketing/siteground-optimizer-combined-styles-header.html]
[www.ds.com.tn/digital-marketing/wp-polls.html]
[www.ds.com.tn/digital-marketing/wpforms-full.html]
[www.ds.com.tn/digital-marketing/font-awesome-5-all.html]
[www.ds.com.tn/digital-marketing/font-awesome-4-shim.html]
[www.ds.com.tn/digital-marketing/hfe-style.html]
[www.ds.com.tn/digital-marketing/elementor-icons.html]
[www.ds.com.tn/digital-marketing/elementor-animations.html]
[www.ds.com.tn/digital-marketing/elementor-frontend.html]
[www.ds.com.tn/digital-marketing/font-awesome.html]
[www.ds.com.tn/digital-marketing/elementor-global.html]
[www.ds.com.tn/digital-marketing/elementor-post-34.html]
[www.ds.com.tn/digital-marketing/elementor-post-3114.html]
[www.ds.com.tn/digital-marketing/cherry-handler-css.html]
[www.ds.com.tn/digital-marketing/jet-widgets.html]
[www.ds.com.tn/digital-marketing/jet-widgets-skin.html]
[www.ds.com.tn/digital-marketing/jet-juxtapose-css.html]
[www.ds.com.tn/digital-marketing/addtoany.html]
[www.ds.com.tn/digital-marketing/astra-flexibility.html]
[www.ds.com.tn/digital-marketing/astra-theme-js.html]
[www.ds.com.tn/digital-marketing/addtoany-2.html]
[www.ds.com.tn/digital-marketing/jquery.html]
[www.ds.com.tn/digital-marketing/tp-tools.html]
[www.ds.com.tn/digital-marketing/revmin.html]
[www.ds.com.tn/digital-marketing/wp-polls-2.html]
[www.ds.com.tn/digital-marketing/font-awesome-4-shim-2.html]
[ds.com.tn/wp-content/uploads/2019/02/hero-grow-your-page-blog-33.jpg]
[www.ds.com.tn/wp-content/uploads/elementor/css/post-658.css]
[www.ds.com.tn/indexc9c1.html]
[www.ds.com.tn/wp-json/oembed/1.0/embedc161.html]
[www.ds.com.tn/wp-json/oembed/1.0/embed7d3e.html]
[www.ds.com.tn/facebook-clients/astra-google-fonts.html]
[www.ds.com.tn/facebook-clients/astra-menu-animation.html]
[www.ds.com.tn/facebook-clients/element-pack-site.html]
[www.ds.com.tn/facebook-clients/wp-block-library.html]
[www.ds.com.tn/facebook-clients/rs-plugin-settings.html]
[www.ds.com.tn/facebook-clients/siteground-optimizer-combined-styles-header.html]
[www.ds.com.tn/facebook-clients/wp-polls.html]
[www.ds.com.tn/facebook-clients/wpforms-full.html]
[www.ds.com.tn/facebook-clients/font-awesome-5-all.html]
[www.ds.com.tn/facebook-clients/font-awesome-4-shim.html]
[www.ds.com.tn/facebook-clients/hfe-style.html]
[www.ds.com.tn/facebook-clients/elementor-icons.html]
[www.ds.com.tn/facebook-clients/elementor-animations.html]
[www.ds.com.tn/facebook-clients/elementor-frontend.html]
[www.ds.com.tn/facebook-clients/font-awesome.html]
[www.ds.com.tn/facebook-clients/elementor-global.html]
[www.ds.com.tn/facebook-clients/elementor-post-658.html]
[www.ds.com.tn/facebook-clients/elementor-post-3114.html]
[www.ds.com.tn/facebook-clients/cherry-handler-css.html]
[www.ds.com.tn/facebook-clients/jet-widgets.html]
[www.ds.com.tn/facebook-clients/jet-widgets-skin.html]
[www.ds.com.tn/facebook-clients/jet-juxtapose-css.html]
[www.ds.com.tn/facebook-clients/addtoany.html]
[www.ds.com.tn/facebook-clients/astra-flexibility.html]
[www.ds.com.tn/facebook-clients/astra-theme-js.html]
[www.ds.com.tn/facebook-clients/addtoany-2.html]
[www.ds.com.tn/facebook-clients/jquery.html]
[www.ds.com.tn/facebook-clients/tp-tools.html]
[www.ds.com.tn/facebook-clients/revmin.html]
[www.ds.com.tn/facebook-clients/wp-polls-2.html]
[www.ds.com.tn/facebook-clients/font-awesome-4-shim-2.html]
[ds.com.tn/wp-content/uploads/2019/02/14956491_1344901032187340_7045270601157225394_n.jpg]
[www.ds.com.tn/wp-content/uploads/elementor/css/post-36.css]
[www.ds.com.tn/index0d0b.html]
[www.ds.com.tn/wp-json/oembed/1.0/embed153a.html]
[www.ds.com.tn/wp-json/oembed/1.0/embed01e3.html]
[www.ds.com.tn/studio-3d/astra-google-fonts.html]
[www.ds.com.tn/studio-3d/astra-menu-animation.html]
[www.ds.com.tn/studio-3d/element-pack-site.html]
[www.ds.com.tn/studio-3d/wp-block-library.html]
[www.ds.com.tn/studio-3d/rs-plugin-settings.html]
[www.ds.com.tn/studio-3d/siteground-optimizer-combined-styles-header.html]
[www.ds.com.tn/studio-3d/font-awesome-4-shim.html]
[www.ds.com.tn/studio-3d/hfe-style.html]
[www.ds.com.tn/studio-3d/elementor-icons.html]
[www.ds.com.tn/studio-3d/elementor-animations.html]
[www.ds.com.tn/studio-3d/elementor-frontend.html]
[www.ds.com.tn/studio-3d/font-awesome.html]
[www.ds.com.tn/studio-3d/elementor-global.html]
[www.ds.com.tn/studio-3d/elementor-post-36.html]
[www.ds.com.tn/studio-3d/elementor-post-3114.html]
[www.ds.com.tn/studio-3d/cherry-handler-css.html]
[www.ds.com.tn/studio-3d/jet-widgets.html]
[www.ds.com.tn/studio-3d/jet-widgets-skin.html]
[www.ds.com.tn/studio-3d/jet-juxtapose-css.html]
[www.ds.com.tn/studio-3d/addtoany.html]
[www.ds.com.tn/studio-3d/astra-flexibility.html]
[www.ds.com.tn/studio-3d/astra-theme-js.html]
[www.ds.com.tn/studio-3d/addtoany-2.html]
[www.ds.com.tn/studio-3d/jquery.html]
[www.ds.com.tn/studio-3d/tp-tools.html]
[www.ds.com.tn/studio-3d/revmin.html]
[www.ds.com.tn/studio-3d/wp-polls.html]
[www.ds.com.tn/studio-3d/font-awesome-4-shim-2.html]
[www.ds.com.tn/wp-content/uploads/elementor/css/post-53.css]
[www.ds.com.tn/index5fb3.html]
[www.ds.com.tn/wp-json/oembed/1.0/embedbc16.html]
[www.ds.com.tn/wp-json/oembed/1.0/embed4041.html]
[www.ds.com.tn/le-digital-enflamme-le-marketing-b2b/index.html]
[www.ds.com.tn/author/digital-solutions/index.html]
[www.ds.com.tn/category/digital_marketing/index.html]
[www.ds.com.tn/elementor-2481/index.html]
[www.ds.com.tn/category/developpement/index.html]
[www.ds.com.tn/wp-content/plugins/wpforms-lite/assets/css/wpforms-full.css]
[www.ds.com.tn/blog/astra-google-fonts.html]
[www.ds.com.tn/blog/astra-menu-animation.html]
[www.ds.com.tn/blog/element-pack-site.html]
[www.ds.com.tn/blog/wp-block-library.html]
[www.ds.com.tn/blog/rs-plugin-settings.html]
[www.ds.com.tn/blog/siteground-optimizer-combined-styles-header.html]
[www.ds.com.tn/blog/wp-polls.html]
[www.ds.com.tn/blog/wpforms-full.html]
[www.ds.com.tn/blog/font-awesome-5-all.html]
[www.ds.com.tn/blog/font-awesome-4-shim.html]
[www.ds.com.tn/blog/hfe-style.html]
[www.ds.com.tn/blog/elementor-icons.html]
[www.ds.com.tn/blog/elementor-animations.html]
[www.ds.com.tn/blog/elementor-frontend.html]
[www.ds.com.tn/blog/font-awesome.html]
[www.ds.com.tn/blog/elementor-global.html]
[www.ds.com.tn/blog/elementor-post-53.html]
[www.ds.com.tn/blog/elementor-post-3114.html]
[www.ds.com.tn/blog/cherry-handler-css.html]
[www.ds.com.tn/blog/jet-widgets.html]
[www.ds.com.tn/blog/jet-widgets-skin.html]
[www.ds.com.tn/blog/jet-juxtapose-css.html]
[www.ds.com.tn/blog/astra-flexibility.html]
[www.ds.com.tn/blog/astra-theme-js.html]
[www.ds.com.tn/blog/addtoany.html]
[www.ds.com.tn/blog/jquery.html]
[www.ds.com.tn/blog/tp-tools.html]
[www.ds.com.tn/blog/wp-polls-2.html]
[www.ds.com.tn/blog/font-awesome-4-shim-2.html]
[www.ds.com.tn/wp-content/plugins/wpforms-lite/assets/js/jquery.validate.min.js]
[www.ds.com.tn/wp-content/plugins/wpforms-lite/assets/js/mailcheck.min.js]
[www.ds.com.tn/wp-content/uploads/siteground-optimizer-assets/wpforms.min.js]
[www.ds.com.tn/wp-content/uploads/elementor/css/post-26.css]
[www.ds.com.tn/index88b9.html]
[www.ds.com.tn/wp-json/oembed/1.0/embede27d.html]
[www.ds.com.tn/wp-json/oembed/1.0/embedb759.html]
[www.ds.com.tn/devis-gratuit/astra-google-fonts.html]
[www.ds.com.tn/devis-gratuit/astra-menu-animation.html]
[www.ds.com.tn/devis-gratuit/element-pack-site.html]
[www.ds.com.tn/devis-gratuit/wp-block-library.html]
[www.ds.com.tn/devis-gratuit/rs-plugin-settings.html]
[www.ds.com.tn/devis-gratuit/siteground-optimizer-combined-styles-header.html]
[www.ds.com.tn/devis-gratuit/wp-polls.html]
[www.ds.com.tn/devis-gratuit/wpforms-full.html]
[www.ds.com.tn/devis-gratuit/font-awesome-5-all.html]
[www.ds.com.tn/devis-gratuit/font-awesome-4-shim.html]
[www.ds.com.tn/devis-gratuit/hfe-style.html]
[www.ds.com.tn/devis-gratuit/elementor-icons.html]
[www.ds.com.tn/devis-gratuit/elementor-animations.html]
[www.ds.com.tn/devis-gratuit/elementor-frontend.html]
[www.ds.com.tn/devis-gratuit/font-awesome.html]
[www.ds.com.tn/devis-gratuit/elementor-global.html]
[www.ds.com.tn/devis-gratuit/elementor-post-26.html]
[www.ds.com.tn/devis-gratuit/elementor-post-3114.html]
[www.ds.com.tn/devis-gratuit/cherry-handler-css.html]
[www.ds.com.tn/devis-gratuit/jet-widgets.html]
[www.ds.com.tn/devis-gratuit/jet-widgets-skin.html]
[www.ds.com.tn/devis-gratuit/jet-juxtapose-css.html]
[www.ds.com.tn/devis-gratuit/astra-flexibility.html]
[www.ds.com.tn/devis-gratuit/astra-theme-js.html]
[www.ds.com.tn/devis-gratuit/addtoany.html]
[www.ds.com.tn/devis-gratuit/jquery.html]
[www.ds.com.tn/devis-gratuit/tp-tools.html]
[www.ds.com.tn/devis-gratuit/revmin.html]
[www.ds.com.tn/devis-gratuit/wp-polls-2.html]
[www.ds.com.tn/devis-gratuit/font-awesome-4-shim-2.html]
[www.ds.com.tn/wp-content/uploads/elementor/css/post-28.css]
[www.ds.com.tn/index3c55.html]
[www.ds.com.tn/wp-json/oembed/1.0/embed07c6.html]
[www.ds.com.tn/wp-json/oembed/1.0/embed8037.html]
[www.ds.com.tn/contact/astra-google-fonts.html]
[www.ds.com.tn/contact/astra-menu-animation.html]
[www.ds.com.tn/contact/element-pack-site.html]
[www.ds.com.tn/contact/wp-block-library.html]
[www.ds.com.tn/contact/rs-plugin-settings.html]
[www.ds.com.tn/contact/siteground-optimizer-combined-styles-header.html]
[www.ds.com.tn/contact/wp-polls.html]
[www.ds.com.tn/contact/wpforms-full.html]
[www.ds.com.tn/contact/font-awesome-5-all.html]
[www.ds.com.tn/contact/font-awesome-4-shim.html]
[www.ds.com.tn/contact/hfe-style.html]
[www.ds.com.tn/contact/elementor-icons.html]
[www.ds.com.tn/contact/elementor-animations.html]
[www.ds.com.tn/contact/elementor-frontend.html]
[www.ds.com.tn/contact/font-awesome.html]
[www.ds.com.tn/contact/elementor-global.html]
[www.ds.com.tn/contact/elementor-post-28.html]
[www.ds.com.tn/contact/elementor-post-3114.html]
[www.ds.com.tn/contact/cherry-handler-css.html]
[www.ds.com.tn/contact/jet-widgets.html]
[www.ds.com.tn/contact/jet-widgets-skin.html]
[www.ds.com.tn/contact/jet-juxtapose-css.html]
[www.ds.com.tn/contact/addtoany.html]
[www.ds.com.tn/contact/astra-flexibility.html]
[www.ds.com.tn/contact/astra-theme-js.html]
[www.ds.com.tn/contact/addtoany-2.html]
[www.ds.com.tn/contact/jquery.html]
[www.ds.com.tn/contact/tp-tools.html]
[www.ds.com.tn/contact/revmin.html]
[www.ds.com.tn/contact/wp-polls-2.html]
[www.ds.com.tn/contact/font-awesome-4-shim-2.html]
[www.ds.com.tn/version/index-2.html]
[api.tiles.mapbox.com/v4/{id}/{z}/{x}/{y}a7ae.json]
[connect.facebook.net/en_US/sdk.js]
[www.ds.com.tn/services/developement-web/addtoany.css]
[www.ds.com.tn/services/developement-web/astra-flexibility.js]
[www.ds.com.tn/realisations-web/popper.html]
[www.ds.com.tn/digital-marketing/astra-google-fonts.css]
[www.ds.com.tn/digital-marketing/astra-menu-animation.css]
[www.ds.com.tn/digital-marketing/element-pack-site.css]
[www.ds.com.tn/studio-3d/wp-polls.css]
[www.ds.com.tn/studio-3d/wpforms-full.css]
[www.ds.com.tn/studio-3d/font-awesome-5-all.css]
[www.ds.com.tn/blog/revmin.js]
[www.ds.com.tn/blog/net.html]
[www.ds.com.tn/blog/optusnet.com.au]
[www.ds.com.tn/blog/com.au]
